// Jest Snapshot v1, https://goo.gl/fbAQLP

exports[`SmallMultiple It renders 1`] = `
<div
  className="wrapper "
/>
`;
